-- Automatically generated by SQLQueryTestSuite
-- Number of queries: 8


-- !query 0
SELECT regexp_extract('1a 2b 14m', '\\d+')
-- !query 0 schema
struct<>
-- !query 0 output
java.lang.IllegalArgumentException
Regex group count is 0, but the specified group index is 1


-- !query 1
SELECT regexp_extract('1a 2b 14m', '\\d+', 0)
-- !query 1 schema
struct<regexp_extract(1a 2b 14m, \d+, 0):string>
-- !query 1 output
1


-- !query 2
SELECT regexp_extract('1a 2b 14m', '\\d+', 1)
-- !query 2 schema
struct<>
-- !query 2 output
java.lang.IllegalArgumentException
Regex group count is 0, but the specified group index is 1


-- !query 3
SELECT regexp_extract('1a 2b 14m', '\\d+', 2)
-- !query 3 schema
struct<>
-- !query 3 output
java.lang.IllegalArgumentException
Regex group count is 0, but the specified group index is 2


-- !query 4
SELECT regexp_extract('1a 2b 14m', '(\\d+)([a-z]+)')
-- !query 4 schema
struct<regexp_extract(1a 2b 14m, (\d+)([a-z]+), 1):string>
-- !query 4 output
1


-- !query 5
SELECT regexp_extract('1a 2b 14m', '(\\d+)([a-z]+)', 0)
-- !query 5 schema
struct<regexp_extract(1a 2b 14m, (\d+)([a-z]+), 0):string>
-- !query 5 output
1a


-- !query 6
SELECT regexp_extract('1a 2b 14m', '(\\d+)([a-z]+)', 1)
-- !query 6 schema
struct<regexp_extract(1a 2b 14m, (\d+)([a-z]+), 1):string>
-- !query 6 output
1


-- !query 7
SELECT regexp_extract('1a 2b 14m', '(\\d+)([a-z]+)', 2)
-- !query 7 schema
struct<regexp_extract(1a 2b 14m, (\d+)([a-z]+), 2):string>
-- !query 7 output
a
